2026-09-10 21:44:12  Erstaufnahme judo_l1_ws (21 Zeilen)
2026-09-10 21:44:12  Erstaufnahme bedienstetenkarte (9 Zeilen)
2026-09-10 21:44:13  Erstaufnahme programmstart (24 Zeilen)
2026-09-10 21:44:13  Erstaufnahme judo_uebersicht (81 Zeilen)
2026-09-10 21:44:13  Erstaufnahme teilnahmeinfos (102 Zeilen)
2026-09-10 21:44:13  [low] Judo-Watcher laeuft - nichts Neues :: Keine Aenderungen auf den beobachteten Seiten.
2026-09-10 19:45:42  [low] Judo-Watcher laeuft - nichts Neues :: Keine Aenderungen auf den beobachteten Seiten.
2026-09-10 21:52:57  [low] Judo-Watcher laeuft - nichts Neues :: Keine Aenderungen auf den beobachteten Seiten.
2026-09-10 21:58:41  [low] Judo-Watcher laeuft - nichts Neues :: Keine Aenderungen auf den beobachteten Seiten.
2026-09-11 13:12:19  [low] Judo-Watcher laeuft - nichts Neues :: Keine Aenderungen auf den beobachteten Seiten.
2026-09-12 12:39:56  [low] Judo-Watcher laeuft - nichts Neues :: Keine Aenderungen auf den beobachteten Seiten.
2026-09-13 13:43:58  [low] Judo-Watcher laeuft - nichts Neues :: Keine Aenderungen auf den beobachteten Seiten.
2026-09-14 15:57:11  [low] Judo-Watcher laeuft - nichts Neues :: Keine Aenderungen auf den beobachteten Seiten.
2026-09-15 09:39:44  [low] Judo-Watcher laeuft - nichts Neues :: Keine Aenderungen auf den beobachteten Seiten.
2026-09-16 09:38:11  [low] Judo-Watcher laeuft - nichts Neues :: Keine Aenderungen auf den beobachteten Seiten.
2026-09-17 08:05:56  FEHLER judo_l1_ws: HTTPError: 404 Client Error: Not Found for url: https://buchung.hsz.rwth-aachen.de/angebote/Wintersemester/_Judo_Level_1.html (Fehlschlag 1)
2026-09-17 13:37:35  FEHLER judo_l1_ws: HTTPError: 404 Client Error: Not Found for url: https://buchung.hsz.rwth-aachen.de/angebote/Wintersemester/_Judo_Level_1.html (Fehlschlag 1)
2026-09-17 13:37:38  [normal] Neues auf: Judo-Uebersichtsseite :: - Diplom-Sportlehrerin
2026-09-17 18:54:00  [critical] Neues auf: Judo Level 1 (Wintersemester) :: - NEU: 31331145 Judo Level 1 Level 1 - 22.10.2026-17.12.2026 - Do 18:30-19:55 Interim Budohalle - Buchung: keine Buchung
2026-09-18 11:40:05  [normal] Neues auf: Judo Level 1 (Wintersemester) :: - Tag/Zeit/Ort bei 31331000 (Judo Level 1 Judo Anzugausleihe Kaution): '' -> 'HSZ Service Point'
2026-09-19 12:51:27  [low] Judo-Watcher laeuft - nichts Neues :: Keine Aenderungen auf den beobachteten Seiten.
2026-09-20 14:16:05  [low] Judo-Watcher laeuft - nichts Neues :: Keine Aenderungen auf den beobachteten Seiten.
2026-09-21 16:00:18  [low] Judo-Watcher laeuft - nichts Neues :: Keine Aenderungen auf den beobachteten Seiten.
2026-09-22 11:53:41  [low] Judo-Watcher laeuft - nichts Neues :: Keine Aenderungen auf den beobachteten Seiten.
2026-09-23 13:27:23  [low] Judo-Watcher laeuft - nichts Neues :: Keine Aenderungen auf den beobachteten Seiten.
2026-09-24 11:56:07  [low] Judo-Watcher laeuft - nichts Neues :: Keine Aenderungen auf den beobachteten Seiten.
2026-09-25 09:42:07  [low] Judo-Watcher laeuft - nichts Neues :: Keine Aenderungen auf den beobachteten Seiten.
2026-09-26 09:35:30  [low] Judo-Watcher laeuft - nichts Neues :: Keine Aenderungen auf den beobachteten Seiten.
2026-09-27 10:03:12  [low] Judo-Watcher laeuft - nichts Neues :: Keine Aenderungen auf den beobachteten Seiten.
2026-09-28 00:03:57  [normal] In 7 Tagen: Bedienstetensportkarte WS 26/27 (05.10.2026) :: Ab jetzt sollte die Bedienstetensportkarte fuers Wintersemester vorab buchbar sein (eine Woche vor Semesterbeginn). Vorausbuchung geht nur bis zum Tag VOR dem Anmeldestart, also spaetestens Mo 12.10.2026.
2026-09-28 17:21:27  [low] Judo-Watcher laeuft - nichts Neues :: Keine Aenderungen auf den beobachteten Seiten.
2026-09-28 23:54:30  [normal] Neues auf: Judo Level 1 (Wintersemester) :: - Leitung bei 31331145 (Judo Level 1 Level 1): 'N.N. , N.N.' -> 'Joana Baumann , N.N.'
2026-09-29 10:23:00  [low] Judo-Watcher laeuft - nichts Neues :: Keine Aenderungen auf den beobachteten Seiten.
2026-09-29 17:43:44  [normal] Neues auf: Judo Level 1 (Wintersemester) :: - Leitung bei 31331145 (Judo Level 1 Level 1): 'Joana Baumann , N.N.' -> 'Joana Baumann , Timothy Gregory Graef'
2026-09-30 15:37:30  [low] Judo-Watcher laeuft - nichts Neues :: Keine Aenderungen auf den beobachteten Seiten.
